border_size=1
usage=map

Hh^Fmw, Gs^Fmw, Hh^Fmw, Hh^Fmw, Hh^Fmw, Hh^Fmw, Hh^Fmw, Hh^Fmw, Hh^Fmw, Gg^Fmw, Ss, Wot, Ss, Ss, Ss, Gs, Gs, Gs, Gg, Gg, Gs^Fmw, Gg, Gg, Gs^Fmw, Gg, Gg, Gs^Fmw, Gg, Gg, Gg, Gg, Gg, Gg, Gg, Gg, Hh^Fp, Hh^Fp, Hh
Gs^Fmw, Hh^Fmw, Hh^Fp, Hh^Fmw, Hh^Ve, Hh^Fmw, Hh^Fp, Hh^Fmw, Gg^Fmw, Gg^Fmw, Ss, Wot, Wot, Ss, Ss, Ss, Ss, Gs, Gs, Gg, Gs^Fmw, Gs^Fmw, Gg, Gs^Fmw, Gs^Fmw, Gs^Fmw, Hh^Fmw, Gs^Fmw, Gg, Gg, Gg, Gg, Gs^Fmw, Gs^Fp, Gs^Fmw, Hh^Fp, Hh^Fmw, Hh
Gs^Fmw, Gs^Fmw, Gs^Fmw, Gs^Fmw, Gs^Fmw, Gs^Fp, Gs^Fmw, Gg^Fmw, Gs, Gs^Fmw, Gs^Fmw, Ss, Wot, Ss, Ww^Ewl, Ss, Ss, Ss, Gs, Gg, Gg, Gg, Gg^Vhs, Gg, Gs^Fmw, Hh^Fmw, Hh^Fmw, Gg, Gs^Fmw, Gg, Gs^Fmw, Gg, Gg, Hh^Fmw, Hh^Vhhr, Gs^Fmw, Gs, Gg
Ss, Ss^Bw|, Ss, Gs^Fmw, Gs^Fmw, Gs^Fmw, Gs, Gs, Hh^Fmw, Gs, Gs, Ss, Ss, Wwt, Ww^Ewl, Ss, Ss, Gs, Gs, Gs, Gg, Gg, Gg, Gg, Gg, Gs^Fmw, Gs^Fmw, Gs^Fmw, Gg, Gg, Gg^Fmw, Gs^Fmw, Hh^Fmw, Gg, Hh^Fmw, Gs^Fmw, Gs, Gs
Ss, Ss^Bw|, Ss, Ss, Gs, Gs, Hh^Fmw, Hh^Fmw, Gs, Gs, Ss, Ss, Ss, Ww^Ewl, Ss, Ss, Gs^Fmw, Gs^Fmw, Gs^Fmw, Gs, Gs^Fmw, Gs^Fmw, Gs^Fmw, Gg, Gs, Gg, Gg, Gg, Gs^Fmw, Gg, Gg, Gs^Fmw, Gs^Fmw, Hh^Fmw, Gs^Fmw, Gs^Fmw, Gs, Gd
Gs, Gs, Gs, Gs, Gs, Gs, Gs, Gs, Hh^Fmw, Gs, Gs, Ss, Ss, Ww^Ewl, Ss, Ss, Ss, Gs^Fmw, Hh^Fmw, Gs^Fmw, Hh^Fmw, Hh^Fmw, Gs^Fmw, Gg, Gg, Gs, Gg, Gs^Fmw, Gg, Gg, Gg^Fmw, Gg, Gs^Fmw, Gs^Fmw, Gs, Gs, Gd, Ds
Hh^Fmw, Hh^Fmw, Hh^Fmw, Gs, Rp, Gs, Hh^Fmw, Hh^Vud, Hh^Fmw, Gs, Gs, Ss, Gs, Ss, Ss, Ss, Ss, Gs^Fmw, Gs^Fmw, Hh^Fmw, Gs^Fmw, Hh^Fmw, Hh^Ve, Gs^Fmw, Gs^Fmw, Gg, Gg, Gg, Gg, Gs^Fmw, Gg, Gg, Gs, Gs, Ds, Gd, Ds, Ds
Hh^Fmw, Hh^Vud, Rp, Rp, Cud, Rp, Rp, Hh^Fmw, Hh^Fmw, Gs, Ss, Ss, Gs, Gs^Vhs, Ss, Ss, Ss, Gs^Fmw, Gs^Fmw, Gs^Fmw, Gs^Fmw, Gs^Fmw, Gs^Fmw, Hh^Fmw, Hh^Fmw, Gs^Fmw, Gs^Fmw, Gg, Gg, Gg, Gs, Gg, Gs, Ds, Ds, Gd, Ds, Hd
Hh^Fmw, Hh^Fmw, Rp, Cud, 2 Kud, Cud, Rp, Gs, Hh^Fmw, Gs, Gs, Ss, Ss, Ss, Ss, Ss, Gs^Fmw, Gs^Fmw, Gg^Efm, Gg^Efm, Gg^Efm, Gs^Fmw, Gg, Gs^Fmw, Gs^Fmw, Gs^Fmw, Hh^Fmw, Gs^Fmw, Gg^Fmw, Gs, Gg, Gs^Vht, Gs, Ds, Gd, Gd, Ds, Hd
Hh^Fmw, Hh^Vud, Rp, Cud, Cud, Cud, Rp, Gs, Gs, Hh^Fmw, Gs, Ss, Ss, Ss, Ss, Ss, Gs^Fmw, Gs^Fmw, Gg^Efm, Gg^Fet, Gg^Efm, Gg^Efm, Gg, Gg^Fmw, Gg^Fmw, Hh^Fmw, Hh^Fmw, Gs^Fmw, Ss, Gs, Gs, Gg, Gs, Gs, Gs, Gs, Gs, Ds
Hh^Fmw, Hh^Fmw, Gs, Rp, Rp, Rp, Gs, Gs, Ss, Gs, Gs, Gs, Ss, Ss, Gs^Fmw, Gs^Fmw, Gg, Gg, Gg, Gg^Efm, Gg, Gg, Gg, Gg^Fmw, Hh^Fmw, Hh^Fmw, Hh^Fmw, Gs^Fmw, Ss, Ds, Ds, Gd, Gs, Gs, Gg, Gs^Fmw, Gs, Ds
Gs, Gs, Ss, Gs, Ss, Gs, Ss, Gs, Ss, Ss, Gs, Gs, Gs, Gs^Fmw, Gs^Fmw, Gs^Fmw, Gg, Gg^Ve, Gs^Fmw, Gg, Gg, Gg, Gg^Fmw, Gg^Fmw, Gs^Fmw, Hh^Fmw, Hh^Fmw, Gs^Fmw, Ss, Ds, Hd^Ftd, Ds, Gd, Gg, Gs^Fmw, Gs^Fmw, Gs^Fmw, Gs
Ss, Ss, Ww, Ss, Ww, Ss, Ww, Ss^Bw|, Ww, Ss^Vhs, Ss, Ss, Gs, Gg^Fmw, Gg^Efm, Gg^Efm, Gg^Efm, Gs^Fmw, Gs^Fmw, Gg, Gg, Gg, Gg, Gs^Fms, Hh^Fmw, Mm, Hh^Fmw, Ss, Ww, Ds, Ds, Ds, Gd, Gg, Gs^Fmw, Gs^Fmw, Gs^Fmw, Gg
Ww, Ww, Wwt, Ww, Wwt, Ww, Wot, Ww^Bw|, Wot, Ww, Wwf, Ss, Gs, Gg, Gg^Efm, Gg^Fet, Gg^Efm, Gs^Fmw, Gs^Fmw, Gs^Fmw, Gg, Gg^Ve, Gg, Gs^Fmw, Hh^Fmw, Mm, Hh^Fmw, Ww, Wwt, Ww, Ds, Gd, Gd, Gg, Gg, Gg, Gg, Gg
Wwt, Wwt, Wot, Wwt, Wot, Wot, Wwf, Wot^Bw|, Wwf, Wot, Wot^Bw/, Wwf, Gs^Fmw, Gs^Fmw, Gs^Fmw, Gg^Efm, Gs^Fmw, Gg, Gs^Fmw, Gg^Fmw, Gg^Fmw, Gg, Gs^Fmw, Hh^Fmw, Mm, Mm, Hh^Fmw, Ww, Ww, Ww, Ds, Ds, Gd, Gs, Gs, Gg, Gs, Gs
Wot, Wot, Wot, Wot, Wwt, Wwt, Ds, Ds, Ds, Wwf, Wot, Ww, Ww, Gs^Fmw, Gs^Fmw, Gs^Fmw, Gg^Fmw, Gs^Fmw, Gs^Fmw, Gs^Fmw, Hh^Fmw, Gs^Fmw, Hh^Fmw, Hh^Fmw, Mm, Hh^Fmw, Ds, Ds, Ww, Ds, Hd^Ftd, Ds, Gd, Gs^Vht, Gs, Gs, Gs, Gs
Wwt, Wwt, Wwt, Wot, Wot, Wwt, Wwt, Ds, Wwt, Wwt, Wot, Wwt, Wwt, Ww, Ww, Ds, Ds, Gs^Fmw, Gs^Fmw, Hh^Fmw, Mm, Hh^Fmw, Mm, Mm, Mm, Hh^Fmw, Ds, Hd^Ftd, Ww, Ds, Hd^Ftd, Ds, Ds, Gd, 1 Gg, Gs, Gs, Gs
Ww, Ww, Ww, Ww, Ww, Wot, Wot, Ww^Bw|, Wot, Wot, Wot, Wot, Wot, Wwt, Wwt, Ww, Ww, Ds, Hh^Fmw, Gs^Fmw, Mm, Mm, Mm, Mm, Hh^Fmw, Hh^Fmw, Ds, Hd^Ftd, Ww, Ds, Hd^Ftd, Dd^Ftd, Ds, Gd, Gg, Gs, Gs, Gs
Gs, Gs, Gs, Wwf, Wwf, Ww, Wwf, Wot^Bw|, Ww, Wwt, Wwt, Wot, Wot, Wot, Wot, Wwt, Ww, Ww, Hh^Fmw, Hh^Fmw, Mm, Mm^Xm, Mm, Hh^Fmw, Hh^Fmw, Hh^Fmw, Ds, Ww, Ww, Ds, Ds, Ds, Ds, Gd, Gd, Gd, Gd, Gs
Hh^Fmw, Hh^Fmw, Hh^Fmw, Gs, Gs, Gs, Gs, Wwf, Wwf, Ww, Ww, Wwt, Wwt, Wwt, Wot, Ww, Hh^Fmw, Hh^Fmw, Ms, Ha^Fda, Ha^Fma, Mm, Mm^Xm, Mm, Hh^Fmw, Ds, Ww, Ww, Wwt, Ww, Ww, Ww, Ds, Ds, Ds, Ds, Ds, Gd
Mm, Mm, Mm, Hh^Fmw, Hh^Fmw, Hh^Fmw, Hh^Fmw, Gs, Gs, Wwf, Wwf, Ww, Ww, Wwt, Wot, Ww, Hh^Fmw, Ms, Ms, Ms, Ha^Fma, Mm, Mm^Xm, Mm, Mm, Hh^Fmw, Wwt, Wwt, Mm, Hd^Ftd, Hd^Ftd, Ww, Ww, Ds, Ww, Ds, Ds, Ds
Mm, Mm, Mm^Vhhr, Mm, Hh^Fdw, Mm, Mm, Hh^Fmw, Hh^Fmw, Gs, Gs, Wwf, Gs, Ww, Ww, Ww, Ww, Hh^Fmw, Ms, Ms, Ha^Fma, Mm, Mm^Xm, Mm, Hh^Fmw, Hh^Fmw, Wwt, Hh^Fmw, Mm, Mm, Mm, Hd^Ftd, Mm, Ww, Wwt, Ww, Ww, Ds
Mm, Mm, Mm, Mm, Ce, Mm, Mm, Mm, Hh^Fmw, Gs^Fmw, Hh^Fmw, Gs, Gs, Gs, Gs, Gs, Gs, Hh^Fmw, Ms, Ha^Fma, Mm, Mm, Mm, Mm, Hh^Fmw, Hh^Fmw, Wwt, Hh^Fmw, Mm, Ms^Xm, Ms^Xm, Mm, Mm, Hh^Fmw, Wwt, Ww, Hd^Ftd, Ds
Ms, Ms, Ms, Ms, 3 Ke, Ce, Mm, Mm, Mm^Vhhr, Hh^Fmw, Hh^Fmw, Hh^Fmw, Hh^Fp, Gs^Fmw, Gs^Fmw, Gs, Gs^Fmw, Hh^Fmw, Hh^Fmw, Ha^Fma, Hh^Fmw, Mm, Hh^Fmw, Hh^Fmw, Wwt, Wwt, Hh^Fmw, Mm, Ms, Ms, Ms, Ms, Mm, Hh^Fmw, Wwt, Ww, Hd^Ftd, Hd^Ftd
Ms, Ms, Ms, Ha^Fpa, Ms, Ms, Ms, Mm, Mm, Mm, Mm, Hh^Fmw, Hh^Fmw, Hh^Fmw, Ha^Fma, Hh^Fmw, Hh^Fmw, Gs^Fmw, Hh^Fmw, Ha^Fma, Ha^Fma, Hh^Fmw, Wwt, Wwt, Hh^Fmw, Mm, Mm, Mm, Ms, Ms, Mm, Mm, Hh^Fmw, Hh^Fmw, Wwt, Ww, Hd^Ftd, Mm
Ms, Ms, Ms, Ms, Ms, Ms, Ms, Ms, Ms, Ms, Ha^Fma, Hh^Fmw, Ms, Ms, Ms, Ms, Ms, Ha^Fma, Ms, Hh^Fmw, Hh^Fmw, Hh^Fmw, Wwt, Hh^Fmw, Gs^Fmw, Hh^Fmw, Hh^Fmw, Hh^Fmw, Ha^Fpa, Hh^Fmw, Hh^Fmw, Hh^Fmw, Ww, Wwt, Wwt, Ww, Hd^Ftd, Mm