border_size=1
usage=map

Urb, Urb, Urb, Uu, Uu, Uu, Uu, Uu, Uu, Uu, Wwf, Wwf, Wwf, Wwf, Wwf, Wwf, Wwf, Wwf, Wwf, Wwf, Wwf, Mm, Mm, Mm, Wo, Wo, Mm, Mm, Wwf, Mm, Mm, Mm, Xu, Xu, Xu, Xu, Xu, Xu, Uu, Uu, Xu, Xu
Uu, Urb, Urb, Urb, Urb, Uu, Uu^Vu, Uu, Uu, Uu, Uu, Wwf, Wwf, Wwf, Ww, Wwf, Ww, Wwf, Ww, Wwf, Ww, Wwf, Mm, Wo, Mm, Wo, Mm, Mm, Wwf, Ww, Mm, Mm, Xu, Urb, Urb, Urb, Urb, Xu, Xu, Uu, Uh, Xu
Uu, Urb, Urb, Urb, 1 Urb, Uu, Uu, Uu, Uu, Uu, Ur, Wwf, Xu, Wwf, Wwf, Wwf, Xu, Wwf, Xu, Wwf, Wwf, Wwf, Wwf, Mm, Wwf, Mm, Wwf, Wwf, Wwf, Ww, Mm, Cud, Xu, Xu, Xu, Xu, Urb, Urb, Xu, Cud, Uu, Xu
Uu, Urb, Urb, Urb, Urb, Urb, Wwf, Wwf, Wwf, Uu, Wwf, Xu, Ww, Xu, Xu, Xu, Ww, Xu, Ww, Xu, Xu, Xu, Xu, Xu, Xu, Ww, Wo, Wo, Wo, Mm, Ww^Vm, Wwf, Xu, Cud, Xu, Uu^Vu, Urb, Urb, Xu, Uu, Uu, Xu
Uu, Uu, Uu, Uu, Uu, Uu, Wwf, Wwf, Ww, Wwf, Wwf, Wwf, Wwf, Ww, Ww, Ww, Wwf, Wwf, Wwf, Ww, Ww, Xu, Xu, Cud, Xu, Wo, Ww, Ww, Mm, Mm, Mm, Wwf, Xu, Xu, Xu, Uu^Uf, Urb, Urb, Urb, Uu, Xu, Xu
Wwf, Uu, Wwf, Uu, Wwf, Wwf, Wwf, Ww, Ww^Vm, Ww, Wwf, Wwf, Ss, Ss, Wwf, Wwf, Sm, Xu, Wwf, Ww, Ww^Vm, Ww, Xu, Cud, Xu, Mm, Mm, Mm, Wo, Wo, Mm, Cud, Xu, Cud, Cud, Xu, Xu, Urb, Urb, Urb, Urb, Xu
Wwf, Wwf, Wwf^Vm, Wwf, Wwr, Wwf, Wwf, Ww, Ww, Ww, Wwf, Wwf, Chs, Chs, Chw, Wwf, Sm, Xu, Wwf, Ww, Ww, Ww, Wwf, Xu, Ss, Ss, Wwf, Mm, Mm, Mm, Wwf, Mm, Xu, Urb, Uu, Cud, Cud, Xu, Cud, Cud, Cud, Xu
Wwf, Wwf, Wwf, Wwf, Wwr, Wwr, Wwf, Wwf, Wwf, Wwf, Wwf, Ss, Chw, 4 Khs, Chw, Wwf, Sm, Xu, Xu, Wwf, Wwf, Wwf, Ss, Wwf, Wwf, Wwf, Xu, Wwf, Wwf, Wwf, Xu, Xu, Uu, Uu, Uu^Ufi, Uu, Urb, Xu, Cud, Uu^Vd, Cud, Xu
Wwf, Wwf, Xu, Xu, Xu, Xu, Xu, Xu, Xu, Xu, Wwf, Wwf, Wwf, Chw, Sm, Sm, Sm, Xu, Dd^Es, Xu, Xu, Ss, Ww, Wwf, Xu, Xu, Wwf, Xu, Xu, Xu, Ww, Xu, Xu, Uu, Uu, Uu, Urb, Xu, Urb, Cud, Urb, Xu
Uu, Xu, Uu, Uu^Uf, Wwf, Wwr, Wwr, Wwf, Wwf, Wwf, Wwf, Ww, Wwf, Wwf, Xuc, Sm, Xu, Xu, Wwf, Ww, Ww, Ww, Xu, Xu, Wwf, Wwf, Wwf, Wwf, Ww, Ww, Wo, Ww, Xu, Uu, Uu, Cud, Uh, Xu, Urb, Urb, Urb, Xu
Wwf, Uu, Wwf, Uu, Wwf, Wwf, Wwf, Wwf, Wwf, Ww^Vm, Wwf, Wwf, Wwf, Xuc, Wwr, Xu, Wwr, Wwf, Xu, Xu, Xu, Xu, Wwf, Wwf, Wwf, Wwf, Ww, Xos, Xos, Wwf, Wwf, Ww, Wwf, Xu, Xu, Uh, Xu, Xu, Cud, Urb, Cud, Xu
Wwf, Wwf, Ww^Vm, Wwf, Wwf, Xu, Xu, Xu, Xu, Wwf, Xu, Xu, Xu, Xu, Ww, Wwr, Xu, Xu, Wwf, Wwf, Wwf, Wwf, Ww^Vm, Wwf, Ww, Ww, Wo, Wo, Wo, Xos, Wwf, Wwf, Ww^Vm, Wwf, Xu, Xu, Urb, Urb, Cud, Cud, Cud, Xu
Dd, Wwf, Wwf, Wwf, Wwf, Wwf, Wwf, Wwf, Wwf, Xu, Ww, Ww, Ww, Ww, Xu, Xu, Wwf, Wwf, Mm, Mm, Mm, Wwf, Wwf, Wwf, Ww, Wo, Wo, Wo, Wo, Xos, Wwf, Wwf, Wwf, Wwf, Dd^Es, Urb, Urb, Urb, Urb, Urb, Uu, Xu
Dd, Dd, Dd, Dd, Xu, Wwf, Sm, Sm, Sm, Wwf, Ww, Ww^Vm, Dd, Xu, Wwf, Wwf, Ww^Vm, Mm, Ww, Ww, Wo, Mm, Mm, Mm, Mm, Ww, Ww, Wo, Xos, Xos, Xos, Wwf, Dd, Wwf, Dd^Es, Urb, Urb, Urb, Uu^Vu, Uu, Qxu, Qxu
Xu, Xu, Xu, Xu, Wwf, Xu, Xu, Xu, Xu, Sm, Wwf, Ww, Dd, Xu, Mm, Mm, Mm, Mm, Mm, 3 Khw, Chw, Ww, Ww, Mm, Mm, Mm, Xos, Xos, Qxu, Qxu, Qxu, Xos, Xos, Dd, Dd, Urb, Uu, Uu^Vu, Uu, Uu, Qxu, Qxu
Wwf, Wwf, Wwf, Wwf, Dd, Wwf, Wwf, Wwf, Wwf, Sm, Wwf, Wwf, Xu, Xu, Mm, Chw, Chw, Mm, Mm, Ww, Ww, Wo, Ww, Ww, Xos, Xos, Qxu, Qxu, Qxu, Qxu, Qxu, Qxu, Qxu, Xos, Xos, Uu, Qxu, Uu, Qxu, Qxu, Qxu, Ql
Wwf, Wwf, Ss, Dd, Xu, Dd, Wwf, Ww^Vm, Wwf, Wwf, Xu, Xu, Qxu, Qxu, Urb, Mm, Mm, Mm, Mm, Mm, Mm, Ww, Xos, Xos, Qxu, Qxu, Qxu, Qxu, Qxu, Ql, Ql, Qxu, Ql, Qxu, Qxu, Uu, Qxu, Qxu, Ql, Qxu, Ql, Ql
Wwr, Wwf, Ss, Ss, Ss, Xu, Sm, Wwf, Sm, Xu, Qxu, Qxu, Qxu^Bh/, Qxu^Bh/, Qxu, Urb, Xos, Xos, Xos, Mm, Xos, Xos, Qxu, Qxu, Qxu, Qxu, Qxu, Ql, Ql, Ql, Qlf, Ql, Ql, Qxu, Qxu, Qxu, Qxu, Ql, Ql, Ql, Ql, Ql
Ww, Wwf, Wwf, Wwf, Ss, Xu, Xu, Xu, Xu, Xu, Ql, Urb, Urb, Qxu, Qxu, Qxu, Qxu, Qxu, Qxu, Xos, Qxu, Qxu, Qxu, Qxu, Ql, Qxu, Ql, Ql, Ql, Qlf, Ql, Ql, Xol, Ql, Ql, Ql, Ql, Ql, Qlf, Qlf, Qlf, Qlf
Ww, Wwf, Ww, Ww^Vm, Ww, Ss, Xu, Ql, Ql, Ql, Urb, Urb, Ql, Ql, Ql, Ql, Qxu, Qxu, Qxu, Qxu, Qxu, Qxu, Qxu, Ql, Ql, Ql, Qlf, Ql, Ql, Ql, Xol, Xol, Ql, Xol, Xol, Ql, Ql, Ql, Ql, Qlf, Ql, Qlf
Ww, Wwr, Wwr, Ww, Ww, Ww, Ww, Xu, Ql, Ql, Ql^Bh|, Ql, Urb, Urb, Urb, Ql, Ql, Ql, Ql, Qxu, Qxu, Qxu, Qxu, Ql, Ql, Qlf, Ql, Ql, Xol, Xol, Ql, Ql, Qlf, Ql, Ql, Xol, Xol, Ql, Ql, Ql, Ql, Qlf
Ww, Wwr, Wwr, Wwr, Wwr, Wwr, Ww, Xu, Ql, Ql, Urb, Ql, Urb, Ql, Urb, Urb, Ql, Ql, Ql, Qxu, Qxu, Ql, Ql, Ql, Ql, Ql, Xol, Xol, Cud, Cud, Ql, Ql, Qlf, Ql, Qlf, Ql, Ql, Xol, Xol, Ql, Ql, Ql
Ww, Wwr, Chw, Chw, Chw, Wwr, Ww, Xu, Ql, Urb, Ql, Ql, Urb, Ql, Urb, Ql, Uu, Ql, Ql, Ql, Ql, Ql, Ql, Ql, Xol, Xol, Cud, Cud, Cud, Cud, Ql, Qlf, Ql, Qlf, Ql, Ql, Ql, Ql, Ql, Xol, Xol, Ql
Ww, Ww, Chw, 2 Khw, Chw, Ww, Ww, Xu, Ql, Urb, Urb, Urb, Ql, Ql, Urb, Ql, Ql, Ql, Urb, Urb, Urb, Urb, Urb, Xol, Cud, Cud, Cud, Cud, Cud, Cud, Ql, Ql, Ql, Qlf, Ql, Uu^Vd, Ql, Qlf, Ql, Ql, Ql, Xol
Wwr, Wwr, Wwr, Chw, Wwr, Wwr, Ww, Xu, Ql, Ql, Ql, Urb, Ql, Urb, Ql, Urb, Ql^Bh\, Urb, Urb, Urb, Urb, Cud, Urb, Cud, Cud, Cud, Cud, Urb, Cud, Cud, Ql, Ql, Cud, Ql, Ql, Ql, Qlf, Qlf, Qlf, Qlf, Ql, Ql
Ww, Wwr, Ww, Wwr, Wwr, Ww, Ww, Xu, Xuc, Ql, Uu, Ql, Ql, Ql, Uu, Ql, Ql, Urb, Urb, Urb, Urb, Urb, Urb, Cud, Cud, Cud, Cud, Cud, Cud, Cud, Ql, Cud, Kud, Cud, Ql, Qlf, Qlf, Ql, Ql, Qlf, Qlf, Ql
Ww, Ww, Ww, Wwf, Wwr, Wwr, Ww, Ww, Xu, Ql, Uu, Uu, Ql, Ql, Ql, Ql, Urb, Urb, Urb, Urb, Urb, Urb, Urb, Cud, Cud, Cud, Cud, Cud, Cud, Cud, Ql, Cud, Cud, Cud, Ql, Qlf, Qlf, Ql, Qlf, Qlf, Ql, Ql
Xu, Ww, Dd, Dd, Dd, Wwr, Xuc, Ww, Xuc, Uu, Dd^Es, Uu, Uu, Ql, Ql, Ql, Ql, Urb, Urb, Urb, Urb, Cud, Urb, Cud, Cud, Cud, Cud, Urb, Cud, Cud, Ql, Ql, Ql, Ql, Ql, Ql, Ql, Qlf, Ql, Qlf, Ql, Ql
Xu, Dd, Dd, Dd^Vdt, Dd, Xu, Dd, Xuc, Dd^Es, Dd^Es, Dd^Es, Dd^Es, Uu^Vd, Uu, Ql, Ql, Ql, Ql, Ql, Urb, Ql, Urb, Ql, Xos, Xos, Cud, Cud, Cud, Cud, Cud, Ql, Ql, Ql, Qlf, Ql, Uu^Vd, Ql, Qlf, Ql, Ql, Xos, Xos
Xu, Dd, Dd^Es, Dd, Dd^Dc, Dd, Dd^Vdt, Dd, Dd, Dd^Es, Dd^Es, Dd^Es, Dd^Es, Uu, Uu, Ql, Uu, Ql, Ql, Ql, Ql, Ql, Ql, Ql, Ql, Xos, Xos, Cud, Cud, Cud, Ql, Qlf, Qlf, Qlf, Qlf, Ql, Ql, Ql, Xos, Xos, Ql, Ql
Ql, Uu, Uu, Dd, Dd, Dd, Dd, Dd, Dd, Dd^Dc, Dd^Es, Dd^Es, Dd^Es, Uu, Uu^Uf, Uu, Uu^Vu, Uu, Ql, Ql, Qlf, Ql, Qlf, Ql, Ql, Ql, Ql, Xos, Xos, Cud, Ql, Ql, Qlf, Ql, Ql, Ql, Xos, Xos, Ql, Ql, Ql, Ql
Ql, Uu, Ql, Uu, Uu, Uu, Uu, Uu, Uu, Dd^Es, Uu, Dd^Es, Uu, Uu, Uu, Uu, Uu, Uu, Uu, Ql, Ql, Qlf, Qlf, Ql, Ql, Ql, Ql, Ql, Ql, Xos, Xos, Ql, Ql, Ql, Xos, Xos, Ql, Ql, Ql, Ql, Qlf, Qlf
Ql, Ql, Ql, Ql, Ql, Ql, Ql, Ql, Ql, Uu, Ql, Uu, Ql, Ql, Ql, Ql, Ql, Ql, Ql, Ql, Ql, Qlf, Qlf, Qlf, Qlf, Qlf, Qlf, Ql, Ql, Ql, Ql, Xos, Xos, Xos, Ql, Ql, Ql, Ql, Ql, Qlf, Qlf, Qlf
Ql, Ql, Ql, Ql, Ql, Ql, Ql, Ql, Ql, Ql, Ql, Ql, Ql, Ql, Ql, Ql, Ql, Ql, Qlf, Ql, Qlf, Qlf, Qlf, Qlf, Qlf, Qlf, Qlf, Ql, Ql, Ql, Ql, Ql, Ql, Ql, Ql, Ql, Ql, Ql, Ql, Ql, Ql, Ql
