border_size=1
usage=map

Gs, Aa, Gs, Re^Gvs, Re^Gvs, Gs, Aa, Aa^Fp, Aa^Fp, Aa^Fp, Gs, Gs^Fp, Gs^Fmw, Gs^Fp, Gs^Fp, Gs^Fp, Gs, Gs^Fdw, Gs^Fdw, Gs, Gs^Fp, Gs^Fp, Gs^Fmw, Gs^Fmw, Gs, Gs, Gs^Ft, Gs^Ft, Ww, Gs, Rd, Rd, Gs, Gs, Gs, Gs, Re^Gvs, Gs, Gs, Aa, Aa, Aa, Gs, Gg, Gs, Gs, Aa, Aa, Dd^Es, Dd
Aa, Gs, Gs, Re^Gvs, Gs, Gs^Vc, Aa, Aa^Fp, Aa^Fp, Aa^Fp, Aa^Fp, Gs^Fmw, Gs^Fdw, Gs, Gs, Gs^Fp, Gs^Fmw, Gs^Fp, Gs, Gs^Vh, Gs, Gs, Gs, Gs^Fmw, Gs, Gs, Gs, Gs^Ft, Ww^Bw/, Rd, Gs, Gs, Gs, Gs^Vc, Gs, Re^Gvs, Re^Gvs, Re^Gvs, Re^Gvs, Gs, Aa, Aa, Gs^Fmw, Gs, Gs^Fp, Gs^Vc, Gs, Aa, Aa, Dd^Es
Aa, Rd, Rd, Gs, Rd, Gs, Gs, Aa, Aa, Aa, Aa, Aa^Fp, Gs, Gs^Vhc, Gs, Gs^Fmw, Ha^Fp, Gs^Fmw, Gs^Fmw, Gs^Fmw, Gs^Fmw, Gs^Fp, Gs, Gs^Fmw, Gs, Gs^Vl, Rd, Rd, Ww, Gs, Dd^Ftd, Dd^Ftd, Dd, Gd, Dd^Es, Gs, Gs, Aa, Gs, Gs, Gs, Gs, Gs^Fp, Gs^Fp, Ce, Gs^Fp, Gs, Gd, Aa, Aa
Dd, Aa, Aa, Rd, Dd^Es, Rd, Aa, Aa, Rd, Rd, Rd, Aa, Aa, Aa, Aa, Aa^Fp, Gs, Gs^Fmw, Gs^Fdw, Aa^Fp, Aa, Ha^Fp, Gs, Gs, Rd, Rd, Ss, Ss, Ww, Gs^Ft, Dd^Ftd, Dd^Es, Dd^Dc, Dd, Dd, Gd^Es, Gs, Gs, Gs^Vc, Gs, Gs, Gs^Fmw, Gs, Ce, 1 Ke, Ce, Gs, Gd, Gd, Aa
Aa, Aa, Aa, Aa, Rp^Vhcr, Dd, Dd, Aa, Dd, Aa, Dd, Rd, Rd, Rd, Aa, Aa, Aa, Gd, Gd, Aa, Aa, Gs, Rd, Rd, Gs, Gs, Ss, Ww, Ss, Gs^Ft, Gs, Dd^Es, Dd, Dd, Aa^Fda, Aa^Fda, Aa, Gs, Gs^Fdw, Gs, Gs, Aa^Fp, Gs, Ce, Ce, Ce, Gs, Gs, Aa, Aa
Dd, Dd^Es, Dd, Dd, Dd, Dd, Ww, Dd, Ww, Dd, Ww, Dd, Dd, Dd^Es, Aa, Rd, Rd, Rd, Rd, Aa, Rd, Rd, Gs, Gs, Ss, Gs, Ss, Ww, Ss, Gs^Ft, Gs, Aa, Dd^Es, Dd^Es, Aa, Aa^Fda, Dd^Es, Gs, Gs, Gs^Fmw, Gs, Gs, Gd, Gs, Gs^Fp, Aa^Fp, Aa^Fp, Gs, Gs, Aa
Dd, Dd^Dc, Dd, Dd, Ss, Ww, Ss, Ww, Ss, Ww, Ss, Ww, Ss, Dd, Dd, Aa, Dd, Dd^Es, Dd, Rd, Dd^Es, Gd, Rp^Vhcr, Gs, Gs, Ss, Ww, Ww, Ss, Gs^Vht, Gd, Aa, Aa, Aa, Aa, Dd, Dd, Gd, Gs, Gs^Fmw, Gs^Fmw, Gd, Aa, Aa, Gd, Gs, Gs, Gs, Gg^Ve, Gs
Ss, Dd, Ss, Ss, Rp, Ch, Rp, Ss, Rp, Ch, Rp, Ss, Rp, Ch, Dd^Ftd, Dd, Ds^Es, Ch, Aa, Aa, Aa, Gd, Gd, Gs, Ss, Ss, Ww, Ss, Gs, Gs, Aa, Aa, Aa, Aa, Dd, Dd, Dd^Vdt, Dd, Gd^Es, Gs, Gd, Gd, Aa, Aa, Gd, Gd, Gs, Gs^Fp, Gs^Fp, Gs^Fp
Ss, Ss, Rp, Rp, Rp, Rp, Rp, Rp, Aa, Rp, Rp, Rp, Rp, Rp, Aa, Ds, Ds, Ds, Rp, Aa, Dd, Dd, Dd, Gs, Ss, Gs^Ft, Ww, Ss, Dd, Gd^Es, Dd^Es, Aa, Dd, Aa, Dd, Dd^Vda, Dd, Dd, Dd^Es, Gd, Gd, Aa, Aa, Gd, Gs^Fmw, Gs, Gs, Aa^Fp, Aa^Fp, Aa^Fp
Ss, Ch, Rp, Aa, Rp, Rp, Rp, Aa, Aa, Rp, Ce, Ce, Ce, Rp, Ds, Rp^Vhcr, Ds, Aa, Rp, Ds, Ds^Es, Ch, Rp, Gs, Gs^Ft, Gs^Ft, Ww, Dd^Ftd, Dd, Dd, Dd, Dd, Dd, Aa, Aa, Aa, Aa, Dd, Gd, Gd, Gs, Aa, Aa, Gs, Gs^Fp, Gs, Gd^Fp, Gs, Aa^Fp, Aa^Fp
Dd, Rp, Rp, Rp, Gs, Gs, Gs, Rp, Rp, Rp, Ce, 6 Ke, Ce, Rp, Rp, Ds, Aa, Rp, Ds, Ds^Es, Ds, Ds, Rp, Dd, Dd^Ftd, Dd^Ftd, Ww, Dd^Ftd, Dd^Ftd, Dd^Ftd, Gs^Es, Gd, Gd, Gd, Gd, Gd^Es, Gd, Dd, Gd, Gs, Gs^Fmw, Gs, Gs, Gs, Gg^Ve, Gs^Fp, Gs, Gs, Gs, Gs
Dd, Rp, Rp, Rp, Ds, Rp^Vhcr, Aa, Aa, Aa, Rp, Rp, Ce, Rp, Rp, Ds, Ds, Aa, Rp, Ds, Ds, Rp^Vhcr, Ds, Ds, Dd, Dd^Ftd, Dd^Ftd, Ww, Dd^Ftd, Dd, Dd^Ftd, Dd, Gd, Aa, Gd^Es, Aa, Gd, Aa, Gd, Aa, Gs, Gg, Gs^Fmw, Gs^Fmw, Gs^Fp, Gs, Gs^Fp, Aa, Aa^Fp, Gs, Gs
Ss, Rp, Rp, Ds, Rp, Ds, Rp, Rp, Aa, Aa, Ds, Rp, Ds, Rp, Ds, Aa, Rp, Aa, Ds, Gs, Aa, Aa, Ds, Ch, Dd^Ftd, Dd^Ftd, Ww, Dd^Ftd, Dd^Vhc, Dd, Hd, Aa, Aa, Aa, Gd, Gd, Gs^Fdw, Aa, Aa, Gs^Fdw, Gs, Gg^Efm, Gg^Efmy, Gs^Fmw, Gs, Aa, Aa, Aa, Gs, Gll^Fmw
Ss, Rp, Rp, Rp, Rp, Rp, Ch, Rp, Rp, Aa, Ds, Ds, Rp^Vhcr, Ds, Ds^Es, Aa, Ds^Es, Ds, Ce, Ce, Ce, Ds, Ds, Dd, Dd^Ftd, Ww, Dd^Ftd, Dd^Ftd, Dd, Dd^Es, Hd, Dd, Gd^Es, Aa, Gd, Gs^Fdw, Gs, Aa, Gs^Vc, Gs, Gs^Fmw, Gs^Fmw, Gs, Gs^Fmw, Gs^Fmw, Gs, Gs^Fp, Aa^Fp, Gs^Fp, Gs
Ss, Rp, Rp, Aa, Rp, Ch, 5 Kh, Ch, Rp, Ds, Rp, Gs, Aa, Ds, Rp, Rp, Ds, Ds, Ce, 4 Ke, Ce, Ds, Rp, Ds, Dd^Ftd, Ww, Dd^Ftd, Dd^Ftd, Dd^Ftd, Dd, Dd^Ftd, Dd^Ftd, Gs, Gs, Gs^Fdw, Gs, Re^Gvs, Re^Gvs, Gs, Gs, Gs, Gs^Fmw, Gs, Gs, Gs, Gg^Efmy, Ce, Gg^Ve, Gs^Fp, Gg^Efmy
Ss, Ss, Rp, Rp, Rp, Ch, Ch, Ch, Rp, Rp, Ds, Ds^Es, Aa, Aa, Aa, Ds, Aa, Ds, Ds, Ce, Ds, Ds, Ds, Ds, Ss, Ww, Dd^Ftd, Dd^Ftd, Dd^Ftd, Aa, Gs, Gs, Gd, Gs, Gd, Gs, Gs, Re^Gvs, Aa, Gs, Gd, Gs, Gd, Gll^Fmw, Gs, Ce, 2 Ke, Ce, Gg^Efmy, Gs^Fp
Dd, Ss, Rp, Rp, Aa, Rp, Rp, Rp, Rp, Ds, Rp, Ds, Ds, Ds, Ds, Ds, Aa, Aa, Ds, Ds, Aa, Ds, Ds, Ch, Ss, Ww, Dd^Ftd, Dd, Dd^Es, Dd^Ftd, Gs, Gs, Dd, Gd, Dd, Gd, Gd, Aa, Aa, Aa, Gd, Gd, Gd, Gll^Fmw, Gs, Ce, Ce, Ce, Gg^Efm, Gg^Efm
Dd, Xos, Uu, Rp, Rp, Rp, Aa, Aa, Rp, Rp, Rp, Ds, Ds, Ch, Ds, Ds, Rp^Vhcr, Ds, Rp^Vhcr, Ds, Rp^Vhcr, Ds, Dd^Ftd, Dd^Ftd, Ww, Ww, Dd^Vhc, Dd^Ftd, Dd^Es, Dd^Es, Gd, Gd, Dd, Dd^Es, Dd^Es, Gd^Vh, Gd, Gd, Gd, Gd, Gd, Aa, Aa, Gd, Gs, Gs, Gs, Gs, Gs, Gs
Dd, Xos, Uu^Uf, Rp, Uu, Rp, Rp, Rp, Ch, Ch, Ch, Rp, Aa, Ds, Aa, Ds, Ds, Ds, Aa, Ds, Aa, Ds, Dd^Ftd, Dd^Ftd, Ww, Dd^Ftd, Dd^Ftd, Dd, Gd, Gd, Aa, Gd, Aa, Aa, Aa, Gd^Es, Gs^Fdw, Gs, Gs, Gd^Wm, Aa, Aa, Gs, Gs, Aa, Gd, Gll^Fmw, Gd, Gll^Fmw, Gd
Dd, Xos, Uu, Uu, Uu, Uu, Rp, Rp, Chr, 3 Kh, Ch, Rp, Ds, Ds, Aa, Aa, Aa, Ds, Ds, Aa, Ds, Ds, Dd^Ftd, Dd^Ftd, Ww, Dd^Ftd, Dd, Dd, Gd, Gd, Aa, Aa, Dd, Aa, Aa^Fda, Gs^Fdw, Gs, Gs, Gs, Gs, Gs, Aa, Gs, Aa, Aa, Aa, Gd, Gll^Fmw, Gll^Fmw, Gd
Dd, Xos, Uu^Uf, Uu, Uu, Uu, Rp, Rp, Rp, Ch, Rp, Rp, Ds, Ds, Ds, Aa, Ds, Rp^Vhcr, Ds, Ds, Xos, Xos, Dd^Ftd, Ww, Dd^Ftd, Dd^Ftd, Dd, Aa, Aa, Dd, Dd, Dd^Vda, Dd, Aa, Gd^Es, Gs^Fdw, Gs^Fdw, Gs^Fdw, Gd, Aa, Aa, Gs, Aa, Aa, Gd^Es, Gd, Gd, Gd, Gd, Gd
Dd, Xos, Xos, Uu, Uu^Uf, Rp, Rp, Rp, Rp, Rp, Aa, Rp, Rp, Rp, Ds, Aa, Ds, Ds, Xos, Xos, Dd, Dd^Ftd, Dd^Ftd, Ww, Dd^Ftd, Dd^Ftd, Aa, Aa, Aa, Dd, Aa, Dd, Dd^Es, Dd, Gd, Gs^Fdw, Gd, Gd, Gd, Aa, Aa, Aa, Dd, Aa, Gd^Es, Gd^Vh, Gd, Aa, Aa, Aa
Dd, Dd, Dd, Xos, Xos, Uu, Rp, Ch, Rp, Rp, Dd, Rp, Rp, Ch, Dd, Dd, Xos, Xos, Dd, Dd, Dd^Ftd, Dd^Ftd, Ww, Ww, Dd^Ftd, Dd^Vhc, Aa, Aa, Dd, Aa, Aa, Dd, Dd, Gd^Es, Aa, Gd, Aa, Gd, Gd^Vl, Gd, Dd, Dd, Dd, Dd, Dd, Gd^Es, Dd, Aa, Aa, Aa
Ds, Dd, Dd, Dd, Dd, Rp, Rp, Rp, Rp, Dd, Dd, Rp, Rp, Dd, Dd, Dd, Dd, Dd, Dd, Dd^Ftd, Dd^Ftd, Dd^Ftd, Ww, Dd^Ftd, Dd, Dd, Aa, Aa, Ds, Dd, Dd, Gd, Gd, Gd, Aa, Aa, Aa, Gd, Gd, Gd, Gd, Gd, Gd, Gd, Dd^Es, Dd^Es, Dd^Es, Dd, Dd, Aa
